// Jest Snapshot v1, https://goo.gl/fbAQLP

exports[`WithDisableFocus test renders correctly 1`] = `
<div
  onFocus={[Function]}
>
  Fake Component
</div>
`;
